2026-04-07 00:36:49.5790|INFO|Incoming request GET / GET /
2026-04-07 00:36:49.7740|INFO|Incoming request GET /next.svg GET /next.svg
2026-04-07 00:36:49.7770|INFO|Incoming request GET /_next/static/chunks/%5Broot-of-the-server%5D__02nfq85._.css GET /_next/static/chunks/%5Broot-of-the-server%5D__02nfq85._.css
2026-04-07 00:36:49.7910|INFO|Incoming request GET /_next/static/chunks/%5Bturbopack%5D_browser_dev_hmr-client_hmr-client_ts_10z625~._.js GET /_next/static/chunks/%5Bturbopack%5D_browser_dev_hmr-client_hmr-client_ts_10z625~._.js
2026-04-07 00:36:49.7970|INFO|Incoming request GET /_next/static/chunks/node_modules_next_dist_compiled_next-devtools_index_0553esy.js GET /_next/static/chunks/node_modules_next_dist_compiled_next-devtools_index_0553esy.js
2026-04-07 00:36:49.8020|INFO|Incoming request GET /_next/static/chunks/node_modules_next_dist_compiled_react-dom_058-ah~._.js GET /_next/static/chunks/node_modules_next_dist_compiled_react-dom_058-ah~._.js
2026-04-07 00:36:49.9060|INFO|Incoming request GET /_next/static/chunks/node_modules_next_dist_compiled_react-server-dom-turbopack_0p3wegg._.js GET /_next/static/chunks/node_modules_next_dist_compiled_react-server-dom-turbopack_0p3wegg._.js
2026-04-07 00:36:49.9220|INFO|Incoming request GET /_next/static/chunks/node_modules_next_dist_compiled_0rpq4pf._.js GET /_next/static/chunks/node_modules_next_dist_compiled_0rpq4pf._.js
2026-04-07 00:36:49.9250|INFO|Incoming request GET /_next/static/chunks/node_modules_next_dist_client_0fhqo1d._.js GET /_next/static/chunks/node_modules_next_dist_client_0fhqo1d._.js
2026-04-07 00:36:49.9390|INFO|Incoming request GET /vercel.svg GET /vercel.svg
2026-04-07 00:36:49.9570|INFO|Incoming request GET /_next/static/chunks/node_modules_next_dist_115brz8._.js GET /_next/static/chunks/node_modules_next_dist_115brz8._.js
2026-04-07 00:36:50.0050|INFO|Incoming request GET /_next/static/chunks/node_modules_%40swc_helpers_cjs_0-4ujiy._.js GET /_next/static/chunks/node_modules_%40swc_helpers_cjs_0-4ujiy._.js
2026-04-07 00:36:50.0320|INFO|Incoming request GET /_next/static/chunks/_0rqeker._.js GET /_next/static/chunks/_0rqeker._.js
2026-04-07 00:36:50.0450|INFO|Incoming request GET /_next/static/chunks/turbopack-_0p44nws._.js GET /_next/static/chunks/turbopack-_0p44nws._.js
2026-04-07 00:36:50.0540|INFO|Incoming request GET /_next/static/chunks/node_modules_next_dist_0tt2wve._.js GET /_next/static/chunks/node_modules_next_dist_0tt2wve._.js
2026-04-07 00:36:50.0560|INFO|Incoming request GET /_next/static/chunks/src_app_layout_tsx_004glpo._.js GET /_next/static/chunks/src_app_layout_tsx_004glpo._.js
2026-04-07 00:36:50.0790|INFO|Incoming request GET /_next/static/chunks/node_modules_next_dist_07p5au~._.js GET /_next/static/chunks/node_modules_next_dist_07p5au~._.js
2026-04-07 00:36:50.0970|INFO|Incoming request GET /_next/static/chunks/src_app_page_tsx_002ye8~._.js GET /_next/static/chunks/src_app_page_tsx_002ye8~._.js
2026-04-07 00:36:50.1110|INFO|Incoming request GET /_next/static/chunks/node_modules_next_dist_client_components_builtin_global-error_002ye8~.js GET /_next/static/chunks/node_modules_next_dist_client_components_builtin_global-error_002ye8~.js
2026-04-07 00:36:50.1820|INFO|Incoming request GET /_next/static/chunks/%5Bturbopack%5D_browser_dev_hmr-client_hmr-client_ts_0yjw1oe._.js GET /_next/static/chunks/%5Bturbopack%5D_browser_dev_hmr-client_hmr-client_ts_0yjw1oe._.js
