2026-04-07 21:24:46.3460|INFO|Incoming request GET / GET /
2026-04-07 21:24:47.3730|INFO|Incoming request GET /next.svg GET /next.svg
2026-04-07 21:24:47.4420|INFO|Incoming request GET /_next/static/chunks/%5Broot-of-the-server%5D__02nfq85._.css GET /_next/static/chunks/%5Broot-of-the-server%5D__02nfq85._.css
2026-04-07 21:24:47.4570|INFO|Incoming request GET /_next/static/chunks/%5Bturbopack%5D_browser_dev_hmr-client_hmr-client_ts_10z625~._.js GET /_next/static/chunks/%5Bturbopack%5D_browser_dev_hmr-client_hmr-client_ts_10z625~._.js
2026-04-07 21:24:47.5110|INFO|Incoming request GET /_next/static/chunks/node_modules_next_dist_compiled_next-devtools_index_0553esy.js GET /_next/static/chunks/node_modules_next_dist_compiled_next-devtools_index_0553esy.js
2026-04-07 21:24:47.5840|INFO|Incoming request GET /_next/static/chunks/node_modules_next_dist_compiled_react-dom_058-ah~._.js GET /_next/static/chunks/node_modules_next_dist_compiled_react-dom_058-ah~._.js
2026-04-07 21:24:47.6070|INFO|Incoming request GET /_next/static/chunks/node_modules_next_dist_compiled_react-server-dom-turbopack_0p3wegg._.js GET /_next/static/chunks/node_modules_next_dist_compiled_react-server-dom-turbopack_0p3wegg._.js
2026-04-07 21:24:47.7100|INFO|Incoming request GET /_next/static/chunks/node_modules_next_dist_compiled_0rpq4pf._.js GET /_next/static/chunks/node_modules_next_dist_compiled_0rpq4pf._.js
2026-04-07 21:24:47.8470|INFO|Incoming request GET /vercel.svg GET /vercel.svg
2026-04-07 21:24:47.8670|INFO|Incoming request GET /_next/static/chunks/node_modules_next_dist_client_0fhqo1d._.js GET /_next/static/chunks/node_modules_next_dist_client_0fhqo1d._.js
2026-04-07 21:24:47.8760|INFO|Incoming request GET /_next/static/chunks/node_modules_next_dist_115brz8._.js GET /_next/static/chunks/node_modules_next_dist_115brz8._.js
2026-04-07 21:24:48.0520|INFO|Incoming request GET /_next/static/chunks/node_modules_%40swc_helpers_cjs_0-4ujiy._.js GET /_next/static/chunks/node_modules_%40swc_helpers_cjs_0-4ujiy._.js
2026-04-07 21:24:48.0770|INFO|Incoming request GET /_next/static/chunks/_0rqeker._.js GET /_next/static/chunks/_0rqeker._.js
2026-04-07 21:24:48.1020|INFO|Incoming request GET /_next/static/chunks/turbopack-_0p44nws._.js GET /_next/static/chunks/turbopack-_0p44nws._.js
2026-04-07 21:24:48.1290|INFO|Incoming request GET /_next/static/chunks/node_modules_next_dist_0tt2wve._.js GET /_next/static/chunks/node_modules_next_dist_0tt2wve._.js
2026-04-07 21:24:48.1540|INFO|Incoming request GET /_next/static/chunks/src_app_layout_tsx_004glpo._.js GET /_next/static/chunks/src_app_layout_tsx_004glpo._.js
2026-04-07 21:24:48.1840|INFO|Incoming request GET /_next/static/chunks/node_modules_next_dist_07p5au~._.js GET /_next/static/chunks/node_modules_next_dist_07p5au~._.js
2026-04-07 21:24:48.3070|INFO|Incoming request GET /_next/static/chunks/src_app_page_tsx_002ye8~._.js GET /_next/static/chunks/src_app_page_tsx_002ye8~._.js
2026-04-07 21:24:48.3150|INFO|Incoming request GET /_next/static/chunks/node_modules_next_dist_client_components_builtin_global-error_002ye8~.js GET /_next/static/chunks/node_modules_next_dist_client_components_builtin_global-error_002ye8~.js
2026-04-07 21:24:48.3240|INFO|Incoming request GET /_next/static/chunks/%5Bturbopack%5D_browser_dev_hmr-client_hmr-client_ts_0yjw1oe._.js GET /_next/static/chunks/%5Bturbopack%5D_browser_dev_hmr-client_hmr-client_ts_0yjw1oe._.js
2026-04-07 21:24:48.3980|INFO|Incoming request GET /_next/static/chunks/%5Bturbopack%5D_browser_dev_hmr-client_hmr-client_ts_10mygs7._.js GET /_next/static/chunks/%5Bturbopack%5D_browser_dev_hmr-client_hmr-client_ts_10mygs7._.js
2026-04-07 21:24:48.5060|INFO|Incoming request GET /favicon.ico GET /favicon.ico
2026-04-07 21:25:09.5390|INFO|Incoming request GET / GET /
2026-04-07 21:25:09.7930|INFO|Incoming request GET /next.svg GET /next.svg
2026-04-07 21:25:09.8140|INFO|Incoming request GET /_next/static/chunks/%5Broot-of-the-server%5D__02nfq85._.css GET /_next/static/chunks/%5Broot-of-the-server%5D__02nfq85._.css
2026-04-07 21:25:09.8330|INFO|Incoming request GET /_next/static/chunks/%5Bturbopack%5D_browser_dev_hmr-client_hmr-client_ts_10z625~._.js GET /_next/static/chunks/%5Bturbopack%5D_browser_dev_hmr-client_hmr-client_ts_10z625~._.js
2026-04-07 21:25:09.8420|INFO|Incoming request GET /_next/static/chunks/node_modules_next_dist_compiled_next-devtools_index_0553esy.js GET /_next/static/chunks/node_modules_next_dist_compiled_next-devtools_index_0553esy.js
2026-04-07 21:25:09.8450|INFO|Incoming request GET /_next/static/chunks/node_modules_next_dist_compiled_react-dom_058-ah~._.js GET /_next/static/chunks/node_modules_next_dist_compiled_react-dom_058-ah~._.js
2026-04-07 21:25:09.9390|INFO|Incoming request GET /_next/static/chunks/node_modules_next_dist_compiled_react-server-dom-turbopack_0p3wegg._.js GET /_next/static/chunks/node_modules_next_dist_compiled_react-server-dom-turbopack_0p3wegg._.js
2026-04-07 21:25:09.9870|INFO|Incoming request GET /_next/static/chunks/node_modules_next_dist_compiled_0rpq4pf._.js GET /_next/static/chunks/node_modules_next_dist_compiled_0rpq4pf._.js
2026-04-07 21:25:09.9930|INFO|Incoming request GET /_next/static/chunks/node_modules_next_dist_client_0fhqo1d._.js GET /_next/static/chunks/node_modules_next_dist_client_0fhqo1d._.js
2026-04-07 21:25:10.0070|INFO|Incoming request GET /vercel.svg GET /vercel.svg
2026-04-07 21:25:10.0410|INFO|Incoming request GET /_next/static/chunks/node_modules_next_dist_115brz8._.js GET /_next/static/chunks/node_modules_next_dist_115brz8._.js
2026-04-07 21:25:10.1960|INFO|Incoming request GET /_next/static/chunks/node_modules_%40swc_helpers_cjs_0-4ujiy._.js GET /_next/static/chunks/node_modules_%40swc_helpers_cjs_0-4ujiy._.js
2026-04-07 21:25:10.3250|INFO|Incoming request GET /_next/static/chunks/_0rqeker._.js GET /_next/static/chunks/_0rqeker._.js
2026-04-07 21:25:10.3290|INFO|Incoming request GET /_next/static/chunks/turbopack-_0p44nws._.js GET /_next/static/chunks/turbopack-_0p44nws._.js
2026-04-07 21:25:10.3430|INFO|Incoming request GET /_next/static/chunks/node_modules_next_dist_0tt2wve._.js GET /_next/static/chunks/node_modules_next_dist_0tt2wve._.js
2026-04-07 21:25:10.3490|INFO|Incoming request GET /_next/static/chunks/src_app_layout_tsx_004glpo._.js GET /_next/static/chunks/src_app_layout_tsx_004glpo._.js
2026-04-07 21:25:10.3520|INFO|Incoming request GET /_next/static/chunks/node_modules_next_dist_07p5au~._.js GET /_next/static/chunks/node_modules_next_dist_07p5au~._.js
2026-04-07 21:25:10.4570|INFO|Incoming request GET /_next/static/chunks/src_app_page_tsx_002ye8~._.js GET /_next/static/chunks/src_app_page_tsx_002ye8~._.js
2026-04-07 21:25:10.4780|INFO|Incoming request GET /_next/static/chunks/node_modules_next_dist_client_components_builtin_global-error_002ye8~.js GET /_next/static/chunks/node_modules_next_dist_client_components_builtin_global-error_002ye8~.js
2026-04-07 21:25:10.4820|INFO|Incoming request GET /_next/static/chunks/%5Bturbopack%5D_browser_dev_hmr-client_hmr-client_ts_0yjw1oe._.js GET /_next/static/chunks/%5Bturbopack%5D_browser_dev_hmr-client_hmr-client_ts_0yjw1oe._.js
2026-04-07 21:25:10.4870|INFO|Incoming request GET /_next/static/chunks/%5Bturbopack%5D_browser_dev_hmr-client_hmr-client_ts_10mygs7._.js GET /_next/static/chunks/%5Bturbopack%5D_browser_dev_hmr-client_hmr-client_ts_10mygs7._.js
2026-04-07 21:25:10.5640|INFO|Incoming request GET /favicon.ico GET /favicon.ico
